Java HotSpot(TM) 64-Bit Server VM (25.102-b14) for linux-amd64 JRE (1.8.0_102-b14), built on Jun 22 2016 18:43:17 by "java_re" with gcc 4.3.0 20080428 (Red Hat 4.3.0-8)
Memory: 4k page, physical 3926684k(155036k free), swap 4197884k(1711648k free)
CommandLine flags: -XX:CMSInitiatingOccupancyFraction=50 -XX:CMSMaxAbortablePrecleanTime=6000 -XX:+CMSParallelRemarkEnabled -XX:+CMSScavengeBeforeRemark -XX:ConcGCThreads=4 -XX:InitialHeapSize=536870912 -XX:MaxHeapSize=536870912 -XX:MaxTenuringThreshold=8 -XX:NewRatio=3 -XX:OldPLABSize=16 -XX:OnOutOfMemoryError=/home/popy/dropbox/Dropbox/devs/gitpopy/modele/mydjango/solr-6.2.1/bin/oom_solr.sh 8983 /home/popy/dropbox/Dropbox/devs/gitpopy/modele/mydjango/solr-6.2.1/example/example-DIH/solr/../logs -XX:ParallelGCThreads=4 -XX:+ParallelRefProcEnabled -XX:PretenureSizeThreshold=67108864 -XX:+PrintGC -XX:+PrintGCApplicationStoppedTime -XX:+PrintGCDateStamps -XX:+PrintGCDetails -XX:+PrintGCTimeStamps -XX:+PrintHeapAtGC -XX:+PrintTenuringDistribution -XX:SurvivorRatio=4 -XX:TargetSurvivorRatio=90 -XX:ThreadStackSize=256 -XX:+UseCMSInitiatingOccupancyOnly -XX:+UseCompressedClassPointers -XX:+UseCompressedOops -XX:+UseConcMarkSweepGC -XX:+UseParNewGC 
2016-09-20T21:20:27.204+0200: 0,387: Total time for which application threads were stopped: 0,0001102 seconds, Stopping threads took: 0,0000139 seconds
2016-09-20T21:20:27.602+0200: 0,785: Total time for which application threads were stopped: 0,0004671 seconds, Stopping threads took: 0,0000565 seconds
2016-09-20T21:20:28.603+0200: 1,786: Total time for which application threads were stopped: 0,0002267 seconds, Stopping threads took: 0,0000492 seconds
2016-09-20T21:20:28.635+0200: 1,818: Total time for which application threads were stopped: 0,0001137 seconds, Stopping threads took: 0,0000155 seconds
2016-09-20T21:20:28.729+0200: 1,912: Total time for which application threads were stopped: 0,0001524 seconds, Stopping threads took: 0,0000180 seconds
2016-09-20T21:20:28.751+0200: 1,934: Total time for which application threads were stopped: 0,0001606 seconds, Stopping threads took: 0,0000213 seconds
2016-09-20T21:20:29.028+0200: 2,211: Total time for which application threads were stopped: 0,0002312 seconds, Stopping threads took: 0,0000227 seconds
2016-09-20T21:20:29.403+0200: 2,586: Total time for which application threads were stopped: 0,0002503 seconds, Stopping threads took: 0,0000165 seconds
2016-09-20T21:20:29.405+0200: 2,588: Total time for which application threads were stopped: 0,0002094 seconds, Stopping threads took: 0,0000152 seconds
2016-09-20T21:20:29.410+0200: 2,593: Total time for which application threads were stopped: 0,0002382 seconds, Stopping threads took: 0,0000159 seconds
2016-09-20T21:20:29.452+0200: 2,635: Total time for which application threads were stopped: 0,0001834 seconds, Stopping threads took: 0,0000192 seconds
2016-09-20T21:20:29.862+0200: 3,045: Total time for which application threads were stopped: 0,0024844 seconds, Stopping threads took: 0,0022218 seconds
{Heap before GC invocations=0 (full 0):
 par new generation   total 109248K, used 87424K [0x00000000e0000000, 0x00000000e8000000, 0x00000000e8000000)
  eden space 87424K, 100% used [0x00000000e0000000, 0x00000000e5560000, 0x00000000e5560000)
  from space 21824K,   0% used [0x00000000e5560000, 0x00000000e5560000, 0x00000000e6ab0000)
  to   space 21824K,   0% used [0x00000000e6ab0000, 0x00000000e6ab0000, 0x00000000e8000000)
 concurrent mark-sweep generation total 393216K, used 0K [0x00000000e8000000, 0x0000000100000000, 0x0000000100000000)
 Metaspace       used 18468K, capacity 18838K, committed 19200K, reserved 1067008K
  class space    used 2140K, capacity 2297K, committed 2304K, reserved 1048576K
2016-09-20T21:20:30.004+0200: 3,187: [GC (Allocation Failure) 2016-09-20T21:20:30.004+0200: 3,187: [ParNew
Desired survivor size 20112992 bytes, new threshold 8 (max 8)
- age   1:   12706264 bytes,   12706264 total
: 87424K->12525K(109248K), 0,0240042 secs] 87424K->12525K(502464K), 0,0241333 secs] [Times: user=0,06 sys=0,01, real=0,02 secs] 
Heap after GC invocations=1 (full 0):
 par new generation   total 109248K, used 12525K [0x00000000e0000000, 0x00000000e8000000, 0x00000000e8000000)
  eden space 87424K,   0% used [0x00000000e0000000, 0x00000000e0000000, 0x00000000e5560000)
  from space 21824K,  57% used [0x00000000e6ab0000, 0x00000000e76eb6b0, 0x00000000e8000000)
  to   space 21824K,   0% used [0x00000000e5560000, 0x00000000e5560000, 0x00000000e6ab0000)
 concurrent mark-sweep generation total 393216K, used 0K [0x00000000e8000000, 0x0000000100000000, 0x0000000100000000)
 Metaspace       used 18468K, capacity 18838K, committed 19200K, reserved 1067008K
  class space    used 2140K, capacity 2297K, committed 2304K, reserved 1048576K
}
2016-09-20T21:20:30.028+0200: 3,211: Total time for which application threads were stopped: 0,0244388 seconds, Stopping threads took: 0,0000534 seconds
2016-09-20T21:20:30.362+0200: 3,545: Total time for which application threads were stopped: 0,0004806 seconds, Stopping threads took: 0,0000847 seconds
2016-09-20T21:20:30.423+0200: 3,606: Total time for which application threads were stopped: 0,0052594 seconds, Stopping threads took: 0,0049123 seconds
{Heap before GC invocations=1 (full 0):
 par new generation   total 109248K, used 99949K [0x00000000e0000000, 0x00000000e8000000, 0x00000000e8000000)
  eden space 87424K, 100% used [0x00000000e0000000, 0x00000000e5560000, 0x00000000e5560000)
  from space 21824K,  57% used [0x00000000e6ab0000, 0x00000000e76eb6b0, 0x00000000e8000000)
  to   space 21824K,   0% used [0x00000000e5560000, 0x00000000e5560000, 0x00000000e6ab0000)
 concurrent mark-sweep generation total 393216K, used 0K [0x00000000e8000000, 0x0000000100000000, 0x0000000100000000)
 Metaspace       used 19961K, capacity 20350K, committed 20736K, reserved 1067008K
  class space    used 2326K, capacity 2505K, committed 2560K, reserved 1048576K
2016-09-20T21:20:30.439+0200: 3,622: [GC (Allocation Failure) 2016-09-20T21:20:30.439+0200: 3,622: [ParNew
Desired survivor size 20112992 bytes, new threshold 8 (max 8)
- age   1:    3569272 bytes,    3569272 total
- age   2:    6221064 bytes,    9790336 total
: 99949K->11559K(109248K), 0,0150099 secs] 99949K->11559K(502464K), 0,0151725 secs] [Times: user=0,05 sys=0,00, real=0,01 secs] 
Heap after GC invocations=2 (full 0):
 par new generation   total 109248K, used 11559K [0x00000000e0000000, 0x00000000e8000000, 0x00000000e8000000)
  eden space 87424K,   0% used [0x00000000e0000000, 0x00000000e0000000, 0x00000000e5560000)
  from space 21824K,  52% used [0x00000000e5560000, 0x00000000e60a9ed0, 0x00000000e6ab0000)
  to   space 21824K,   0% used [0x00000000e6ab0000, 0x00000000e6ab0000, 0x00000000e8000000)
 concurrent mark-sweep generation total 393216K, used 0K [0x00000000e8000000, 0x0000000100000000, 0x0000000100000000)
 Metaspace       used 19961K, capacity 20350K, committed 20736K, reserved 1067008K
  class space    used 2326K, capacity 2505K, committed 2560K, reserved 1048576K
}
2016-09-20T21:20:30.455+0200: 3,638: Total time for which application threads were stopped: 0,0162868 seconds, Stopping threads took: 0,0009083 seconds
2016-09-20T21:20:30.486+0200: 3,669: Total time for which application threads were stopped: 0,0014205 seconds, Stopping threads took: 0,0011455 seconds
2016-09-20T21:20:30.619+0200: 3,802: Total time for which application threads were stopped: 0,0002027 seconds, Stopping threads took: 0,0000777 seconds
{Heap before GC invocations=2 (full 0):
 par new generation   total 109248K, used 98983K [0x00000000e0000000, 0x00000000e8000000, 0x00000000e8000000)
  eden space 87424K, 100% used [0x00000000e0000000, 0x00000000e5560000, 0x00000000e5560000)
  from space 21824K,  52% used [0x00000000e5560000, 0x00000000e60a9ed0, 0x00000000e6ab0000)
  to   space 21824K,   0% used [0x00000000e6ab0000, 0x00000000e6ab0000, 0x00000000e8000000)
 concurrent mark-sweep generation total 393216K, used 0K [0x00000000e8000000, 0x0000000100000000, 0x0000000100000000)
 Metaspace       used 20922K, capacity 21270K, committed 21552K, reserved 1069056K
  class space    used 2457K, capacity 2623K, committed 2688K, reserved 1048576K
2016-09-20T21:20:30.734+0200: 3,917: [GC (Allocation Failure) 2016-09-20T21:20:30.734+0200: 3,917: [ParNew
Desired survivor size 20112992 bytes, new threshold 8 (max 8)
- age   1:    2849112 bytes,    2849112 total
- age   2:    1315128 bytes,    4164240 total
- age   3:    6218416 bytes,   10382656 total
: 98983K->13645K(109248K), 0,0116310 secs] 98983K->13645K(502464K), 0,0117571 secs] [Times: user=0,04 sys=0,00, real=0,01 secs] 
Heap after GC invocations=3 (full 0):
 par new generation   total 109248K, used 13645K [0x00000000e0000000, 0x00000000e8000000, 0x00000000e8000000)
  eden space 87424K,   0% used [0x00000000e0000000, 0x00000000e0000000, 0x00000000e5560000)
  from space 21824K,  62% used [0x00000000e6ab0000, 0x00000000e7803450, 0x00000000e8000000)
  to   space 21824K,   0% used [0x00000000e5560000, 0x00000000e5560000, 0x00000000e6ab0000)
 concurrent mark-sweep generation total 393216K, used 0K [0x00000000e8000000, 0x0000000100000000, 0x0000000100000000)
 Metaspace       used 20922K, capacity 21270K, committed 21552K, reserved 1069056K
  class space    used 2457K, capacity 2623K, committed 2688K, reserved 1048576K
}
2016-09-20T21:20:30.746+0200: 3,929: Total time for which application threads were stopped: 0,0120121 seconds, Stopping threads took: 0,0000794 seconds
2016-09-20T21:20:30.746+0200: 3,929: [GC (CMS Initial Mark) [1 CMS-initial-mark: 0K(393216K)] 13645K(502464K), 0,0054821 secs] [Times: user=0,01 sys=0,00, real=0,01 secs] 
2016-09-20T21:20:30.751+0200: 3,934: Total time for which application threads were stopped: 0,0056309 seconds, Stopping threads took: 0,0000341 seconds
2016-09-20T21:20:30.751+0200: 3,934: [CMS-concurrent-mark-start]
2016-09-20T21:20:30.753+0200: 3,936: [CMS-concurrent-mark: 0,002/0,002 secs] [Times: user=0,00 sys=0,00, real=0,00 secs] 
2016-09-20T21:20:30.753+0200: 3,936: [CMS-concurrent-preclean-start]
2016-09-20T21:20:30.755+0200: 3,938: [CMS-concurrent-preclean: 0,002/0,002 secs] [Times: user=0,00 sys=0,00, real=0,00 secs] 
2016-09-20T21:20:30.756+0200: 3,939: [GC (CMS Final Remark) [YG occupancy: 14713 K (109248 K)]{Heap before GC invocations=3 (full 1):
 par new generation   total 109248K, used 14713K [0x00000000e0000000, 0x00000000e8000000, 0x00000000e8000000)
  eden space 87424K,   1% used [0x00000000e0000000, 0x00000000e010afe8, 0x00000000e5560000)
  from space 21824K,  62% used [0x00000000e6ab0000, 0x00000000e7803450, 0x00000000e8000000)
  to   space 21824K,   0% used [0x00000000e5560000, 0x00000000e5560000, 0x00000000e6ab0000)
 concurrent mark-sweep generation total 393216K, used 0K [0x00000000e8000000, 0x0000000100000000, 0x0000000100000000)
 Metaspace       used 20926K, capacity 21270K, committed 21552K, reserved 1069056K
  class space    used 2457K, capacity 2623K, committed 2688K, reserved 1048576K
2016-09-20T21:20:30.756+0200: 3,939: [GC (CMS Final Remark) 2016-09-20T21:20:30.756+0200: 3,939: [ParNew
Desired survivor size 20112992 bytes, new threshold 8 (max 8)
- age   1:      39280 bytes,      39280 total
- age   2:    2848216 bytes,    2887496 total
- age   3:    1315128 bytes,    4202624 total
- age   4:    6218368 bytes,   10420992 total
: 14713K->13671K(109248K), 0,0213004 secs] 14713K->13671K(502464K), 0,0213785 secs] [Times: user=0,08 sys=0,00, real=0,02 secs] 
Heap after GC invocations=4 (full 1):
 par new generation   total 109248K, used 13671K [0x00000000e0000000, 0x00000000e8000000, 0x00000000e8000000)
  eden space 87424K,   0% used [0x00000000e0000000, 0x00000000e0000000, 0x00000000e5560000)
  from space 21824K,  62% used [0x00000000e5560000, 0x00000000e62b9f60, 0x00000000e6ab0000)
  to   space 21824K,   0% used [0x00000000e6ab0000, 0x00000000e6ab0000, 0x00000000e8000000)
 concurrent mark-sweep generation total 393216K, used 0K [0x00000000e8000000, 0x0000000100000000, 0x0000000100000000)
 Metaspace       used 20926K, capacity 21270K, committed 21552K, reserved 1069056K
  class space    used 2457K, capacity 2623K, committed 2688K, reserved 1048576K
}
2016-09-20T21:20:30.777+0200: 3,960: [Rescan (parallel) , 0,0087266 secs]2016-09-20T21:20:30.786+0200: 3,969: [weak refs processing, 0,0210153 secs]2016-09-20T21:20:30.807+0200: 3,990: [class unloading, 0,0033553 secs]2016-09-20T21:20:30.810+0200: 3,993: [scrub symbol table, 0,0024924 secs]2016-09-20T21:20:30.813+0200: 3,996: [scrub string table, 0,0004134 secs][1 CMS-remark: 0K(393216K)] 13671K(502464K), 0,0583497 secs] [Times: user=0,18 sys=0,00, real=0,06 secs] 
2016-09-20T21:20:30.814+0200: 3,997: Total time for which application threads were stopped: 0,0586485 seconds, Stopping threads took: 0,0001723 seconds
2016-09-20T21:20:30.814+0200: 3,997: [CMS-concurrent-sweep-start]
2016-09-20T21:20:30.814+0200: 3,997: [CMS-concurrent-sweep: 0,000/0,000 secs] [Times: user=0,00 sys=0,00, real=0,00 secs] 
2016-09-20T21:20:30.814+0200: 3,997: [CMS-concurrent-reset-start]
2016-09-20T21:20:30.823+0200: 4,006: [CMS-concurrent-reset: 0,009/0,009 secs] [Times: user=0,01 sys=0,01, real=0,01 secs] 
2016-09-20T21:20:30.923+0200: 4,106: Total time for which application threads were stopped: 0,0034344 seconds, Stopping threads took: 0,0030832 seconds
2016-09-20T21:20:30.925+0200: 4,108: Total time for which application threads were stopped: 0,0001261 seconds, Stopping threads took: 0,0000368 seconds
2016-09-20T21:20:30.937+0200: 4,120: Total time for which application threads were stopped: 0,0001400 seconds, Stopping threads took: 0,0000524 seconds
{Heap before GC invocations=4 (full 1):
 par new generation   total 109248K, used 101095K [0x00000000e0000000, 0x00000000e8000000, 0x00000000e8000000)
  eden space 87424K, 100% used [0x00000000e0000000, 0x00000000e5560000, 0x00000000e5560000)
  from space 21824K,  62% used [0x00000000e5560000, 0x00000000e62b9f60, 0x00000000e6ab0000)
  to   space 21824K,   0% used [0x00000000e6ab0000, 0x00000000e6ab0000, 0x00000000e8000000)
 concurrent mark-sweep generation total 393216K, used 0K [0x00000000e8000000, 0x0000000100000000, 0x0000000100000000)
 Metaspace       used 21117K, capacity 21454K, committed 21808K, reserved 1069056K
  class space    used 2482K, capacity 2659K, committed 2688K, reserved 1048576K
2016-09-20T21:20:30.941+0200: 4,124: [GC (Allocation Failure) 2016-09-20T21:20:30.941+0200: 4,124: [ParNew
Desired survivor size 20112992 bytes, new threshold 8 (max 8)
- age   1:     740592 bytes,     740592 total
- age   2:        552 bytes,     741144 total
- age   3:    2296088 bytes,    3037232 total
- age   4:    1283688 bytes,    4320920 total
- age   5:    6218464 bytes,   10539384 total
: 101095K->13338K(109248K), 0,0130135 secs] 101095K->13338K(502464K), 0,0131337 secs] [Times: user=0,04 sys=0,00, real=0,01 secs] 
Heap after GC invocations=5 (full 1):
 par new generation   total 109248K, used 13338K [0x00000000e0000000, 0x00000000e8000000, 0x00000000e8000000)
  eden space 87424K,   0% used [0x00000000e0000000, 0x00000000e0000000, 0x00000000e5560000)
  from space 21824K,  61% used [0x00000000e6ab0000, 0x00000000e77b69c0, 0x00000000e8000000)
  to   space 21824K,   0% used [0x00000000e5560000, 0x00000000e5560000, 0x00000000e6ab0000)
 concurrent mark-sweep generation total 393216K, used 0K [0x00000000e8000000, 0x0000000100000000, 0x0000000100000000)
 Metaspace       used 21117K, capacity 21454K, committed 21808K, reserved 1069056K
  class space    used 2482K, capacity 2659K, committed 2688K, reserved 1048576K
}
2016-09-20T21:20:30.955+0200: 4,137: Total time for which application threads were stopped: 0,0136757 seconds, Stopping threads took: 0,0003922 seconds
2016-09-20T21:20:30.959+0200: 4,142: Total time for which application threads were stopped: 0,0008996 seconds, Stopping threads took: 0,0008164 seconds
2016-09-20T21:20:30.967+0200: 4,150: Total time for which application threads were stopped: 0,0001702 seconds, Stopping threads took: 0,0000559 seconds
2016-09-20T21:20:30.967+0200: 4,150: Total time for which application threads were stopped: 0,0001713 seconds, Stopping threads took: 0,0000352 seconds
2016-09-20T21:20:30.968+0200: 4,150: Total time for which application threads were stopped: 0,0001703 seconds, Stopping threads took: 0,0001081 seconds
2016-09-20T21:20:30.968+0200: 4,151: Total time for which application threads were stopped: 0,0001209 seconds, Stopping threads took: 0,0000425 seconds
2016-09-20T21:20:30.969+0200: 4,152: Total time for which application threads were stopped: 0,0001359 seconds, Stopping threads took: 0,0000475 seconds
2016-09-20T21:20:30.969+0200: 4,152: Total time for which application threads were stopped: 0,0001111 seconds, Stopping threads took: 0,0000538 seconds
2016-09-20T21:20:30.969+0200: 4,152: Total time for which application threads were stopped: 0,0000894 seconds, Stopping threads took: 0,0000383 seconds
2016-09-20T21:20:30.970+0200: 4,153: Total time for which application threads were stopped: 0,0001295 seconds, Stopping threads took: 0,0000805 seconds
2016-09-20T21:20:30.970+0200: 4,153: Total time for which application threads were stopped: 0,0000909 seconds, Stopping threads took: 0,0000462 seconds
2016-09-20T21:20:30.970+0200: 4,153: Total time for which application threads were stopped: 0,0000737 seconds, Stopping threads took: 0,0000287 seconds
2016-09-20T21:20:30.971+0200: 4,154: Total time for which application threads were stopped: 0,0001272 seconds, Stopping threads took: 0,0000461 seconds
2016-09-20T21:20:30.972+0200: 4,155: Total time for which application threads were stopped: 0,0001085 seconds, Stopping threads took: 0,0000388 seconds
2016-09-20T21:20:30.972+0200: 4,155: Total time for which application threads were stopped: 0,0001215 seconds, Stopping threads took: 0,0000395 seconds
2016-09-20T21:20:30.973+0200: 4,156: Total time for which application threads were stopped: 0,0001066 seconds, Stopping threads took: 0,0000352 seconds
2016-09-20T21:20:30.974+0200: 4,157: Total time for which application threads were stopped: 0,0000734 seconds, Stopping threads took: 0,0000268 seconds
2016-09-20T21:20:30.974+0200: 4,157: Total time for which application threads were stopped: 0,0000782 seconds, Stopping threads took: 0,0000261 seconds
2016-09-20T21:20:30.974+0200: 4,157: Total time for which application threads were stopped: 0,0000568 seconds, Stopping threads took: 0,0000084 seconds
2016-09-20T21:20:30.979+0200: 4,162: Total time for which application threads were stopped: 0,0001203 seconds, Stopping threads took: 0,0000388 seconds
2016-09-20T21:20:30.980+0200: 4,162: Total time for which application threads were stopped: 0,0001014 seconds, Stopping threads took: 0,0000286 seconds
2016-09-20T21:20:30.982+0200: 4,165: Total time for which application threads were stopped: 0,0002069 seconds, Stopping threads took: 0,0000449 seconds
2016-09-20T21:20:30.983+0200: 4,166: Total time for which application threads were stopped: 0,0001407 seconds, Stopping threads took: 0,0000409 seconds
2016-09-20T21:20:30.986+0200: 4,169: Total time for which application threads were stopped: 0,0001251 seconds, Stopping threads took: 0,0000468 seconds
2016-09-20T21:20:30.987+0200: 4,170: Total time for which application threads were stopped: 0,0000846 seconds, Stopping threads took: 0,0000196 seconds
2016-09-20T21:20:30.987+0200: 4,170: Total time for which application threads were stopped: 0,0000837 seconds, Stopping threads took: 0,0000335 seconds
2016-09-20T21:20:30.987+0200: 4,170: Total time for which application threads were stopped: 0,0000431 seconds, Stopping threads took: 0,0000096 seconds
2016-09-20T21:20:31.001+0200: 4,184: Total time for which application threads were stopped: 0,0001049 seconds, Stopping threads took: 0,0000271 seconds
2016-09-20T21:20:31.001+0200: 4,184: Total time for which application threads were stopped: 0,0000668 seconds, Stopping threads took: 0,0000213 seconds
2016-09-20T21:20:31.001+0200: 4,184: Total time for which application threads were stopped: 0,0000600 seconds, Stopping threads took: 0,0000213 seconds
2016-09-20T21:20:31.001+0200: 4,184: Total time for which application threads were stopped: 0,0000520 seconds, Stopping threads took: 0,0000165 seconds
2016-09-20T21:20:31.001+0200: 4,184: Total time for which application threads were stopped: 0,0000528 seconds, Stopping threads took: 0,0000157 seconds
2016-09-20T21:20:31.001+0200: 4,184: Total time for which application threads were stopped: 0,0000559 seconds, Stopping threads took: 0,0000199 seconds
2016-09-20T21:20:31.002+0200: 4,185: Total time for which application threads were stopped: 0,0000961 seconds, Stopping threads took: 0,0000512 seconds
2016-09-20T21:20:31.002+0200: 4,185: Total time for which application threads were stopped: 0,0000561 seconds, Stopping threads took: 0,0000195 seconds
2016-09-20T21:20:31.002+0200: 4,185: Total time for which application threads were stopped: 0,0000583 seconds, Stopping threads took: 0,0000210 seconds
2016-09-20T21:20:31.002+0200: 4,185: Total time for which application threads were stopped: 0,0000776 seconds, Stopping threads took: 0,0000142 seconds
2016-09-20T21:20:31.002+0200: 4,185: Total time for which application threads were stopped: 0,0000677 seconds, Stopping threads took: 0,0000159 seconds
2016-09-20T21:20:31.002+0200: 4,185: Total time for which application threads were stopped: 0,0000652 seconds, Stopping threads took: 0,0000169 seconds
2016-09-20T21:20:31.003+0200: 4,186: Total time for which application threads were stopped: 0,0006398 seconds, Stopping threads took: 0,0005930 seconds
2016-09-20T21:20:31.003+0200: 4,186: Total time for which application threads were stopped: 0,0000668 seconds, Stopping threads took: 0,0000236 seconds
2016-09-20T21:20:31.003+0200: 4,186: Total time for which application threads were stopped: 0,0000438 seconds, Stopping threads took: 0,0000090 seconds
2016-09-20T21:20:31.004+0200: 4,186: Total time for which application threads were stopped: 0,0000408 seconds, Stopping threads took: 0,0000085 seconds
2016-09-20T21:20:31.004+0200: 4,187: Total time for which application threads were stopped: 0,0001657 seconds, Stopping threads took: 0,0001279 seconds
2016-09-20T21:20:31.004+0200: 4,187: Total time for which application threads were stopped: 0,0000418 seconds, Stopping threads took: 0,0000133 seconds
2016-09-20T21:20:31.004+0200: 4,187: Total time for which application threads were stopped: 0,0000489 seconds, Stopping threads took: 0,0000150 seconds
2016-09-20T21:20:31.004+0200: 4,187: Total time for which application threads were stopped: 0,0000383 seconds, Stopping threads took: 0,0000085 seconds
2016-09-20T21:20:31.004+0200: 4,187: Total time for which application threads were stopped: 0,0000474 seconds, Stopping threads took: 0,0000175 seconds
2016-09-20T21:20:31.004+0200: 4,187: Total time for which application threads were stopped: 0,0000466 seconds, Stopping threads took: 0,0000106 seconds
2016-09-20T21:20:31.004+0200: 4,187: Total time for which application threads were stopped: 0,0000379 seconds, Stopping threads took: 0,0000084 seconds
2016-09-20T21:20:31.004+0200: 4,187: Total time for which application threads were stopped: 0,0000607 seconds, Stopping threads took: 0,0000166 seconds
2016-09-20T21:20:31.005+0200: 4,188: Total time for which application threads were stopped: 0,0000626 seconds, Stopping threads took: 0,0000155 seconds
2016-09-20T21:20:31.007+0200: 4,190: Total time for which application threads were stopped: 0,0001979 seconds, Stopping threads took: 0,0001066 seconds
2016-09-20T21:20:31.017+0200: 4,200: Total time for which application threads were stopped: 0,0001970 seconds, Stopping threads took: 0,0000315 seconds
2016-09-20T21:20:31.028+0200: 4,211: Total time for which application threads were stopped: 0,0001193 seconds, Stopping threads took: 0,0000450 seconds
2016-09-20T21:20:31.029+0200: 4,212: Total time for which application threads were stopped: 0,0001914 seconds, Stopping threads took: 0,0000983 seconds
2016-09-20T21:20:31.030+0200: 4,213: Total time for which application threads were stopped: 0,0000722 seconds, Stopping threads took: 0,0000191 seconds
2016-09-20T21:20:31.030+0200: 4,213: Total time for which application threads were stopped: 0,0001541 seconds, Stopping threads took: 0,0000279 seconds
2016-09-20T21:20:31.032+0200: 4,215: Total time for which application threads were stopped: 0,0000773 seconds, Stopping threads took: 0,0000250 seconds
2016-09-20T21:20:31.035+0200: 4,218: Total time for which application threads were stopped: 0,0001895 seconds, Stopping threads took: 0,0000946 seconds
2016-09-20T21:20:31.064+0200: 4,247: Total time for which application threads were stopped: 0,0002776 seconds, Stopping threads took: 0,0001571 seconds
2016-09-20T21:20:31.069+0200: 4,252: Total time for which application threads were stopped: 0,0002009 seconds, Stopping threads took: 0,0000819 seconds
{Heap before GC invocations=5 (full 1):
 par new generation   total 109248K, used 100762K [0x00000000e0000000, 0x00000000e8000000, 0x00000000e8000000)
  eden space 87424K, 100% used [0x00000000e0000000, 0x00000000e5560000, 0x00000000e5560000)
  from space 21824K,  61% used [0x00000000e6ab0000, 0x00000000e77b69c0, 0x00000000e8000000)
  to   space 21824K,   0% used [0x00000000e5560000, 0x00000000e5560000, 0x00000000e6ab0000)
 concurrent mark-sweep generation total 393216K, used 0K [0x00000000e8000000, 0x0000000100000000, 0x0000000100000000)
 Metaspace       used 21807K, capacity 22132K, committed 22448K, reserved 1069056K
  class space    used 2575K, capacity 2756K, committed 2816K, reserved 1048576K
2016-09-20T21:20:31.103+0200: 4,286: [GC (Allocation Failure) 2016-09-20T21:20:31.103+0200: 4,286: [ParNew
Desired survivor size 20112992 bytes, new threshold 8 (max 8)
- age   1:     888688 bytes,     888688 total
- age   2:     128512 bytes,    1017200 total
- age   3:        552 bytes,    1017752 total
- age   4:    2295600 bytes,    3313352 total
- age   5:    1283448 bytes,    4596800 total
- age   6:    6217968 bytes,   10814768 total
: 100762K->11685K(109248K), 0,0186346 secs] 100762K->11685K(502464K), 0,0187758 secs] [Times: user=0,05 sys=0,00, real=0,02 secs] 
Heap after GC invocations=6 (full 1):
 par new generation   total 109248K, used 11685K [0x00000000e0000000, 0x00000000e8000000, 0x00000000e8000000)
  eden space 87424K,   0% used [0x00000000e0000000, 0x00000000e0000000, 0x00000000e5560000)
  from space 21824K,  53% used [0x00000000e5560000, 0x00000000e60c94f0, 0x00000000e6ab0000)
  to   space 21824K,   0% used [0x00000000e6ab0000, 0x00000000e6ab0000, 0x00000000e8000000)
 concurrent mark-sweep generation total 393216K, used 0K [0x00000000e8000000, 0x0000000100000000, 0x0000000100000000)
 Metaspace       used 21807K, capacity 22132K, committed 22448K, reserved 1069056K
  class space    used 2575K, capacity 2756K, committed 2816K, reserved 1048576K
}
2016-09-20T21:20:31.122+0200: 4,305: Total time for which application threads were stopped: 0,0190218 seconds, Stopping threads took: 0,0000703 seconds
{Heap before GC invocations=6 (full 1):
 par new generation   total 109248K, used 99109K [0x00000000e0000000, 0x00000000e8000000, 0x00000000e8000000)
  eden space 87424K, 100% used [0x00000000e0000000, 0x00000000e5560000, 0x00000000e5560000)
  from space 21824K,  53% used [0x00000000e5560000, 0x00000000e60c94f0, 0x00000000e6ab0000)
  to   space 21824K,   0% used [0x00000000e6ab0000, 0x00000000e6ab0000, 0x00000000e8000000)
 concurrent mark-sweep generation total 393216K, used 0K [0x00000000e8000000, 0x0000000100000000, 0x0000000100000000)
 Metaspace       used 21877K, capacity 22266K, committed 22704K, reserved 1069056K
  class space    used 2583K, capacity 2757K, committed 2816K, reserved 1048576K
2016-09-20T21:20:31.187+0200: 4,370: [GC (Allocation Failure) 2016-09-20T21:20:31.187+0200: 4,370: [ParNew
Desired survivor size 20112992 bytes, new threshold 8 (max 8)
- age   1:    1500896 bytes,    1500896 total
- age   2:     286856 bytes,    1787752 total
- age   3:     127880 bytes,    1915632 total
- age   4:        552 bytes,    1916184 total
- age   5:    2295600 bytes,    4211784 total
- age   6:    1283288 bytes,    5495072 total
- age   7:    6218008 bytes,   11713080 total
: 99109K->16133K(109248K), 0,0306584 secs] 99109K->16133K(502464K), 0,0308129 secs] [Times: user=0,11 sys=0,01, real=0,03 secs] 
Heap after GC invocations=7 (full 1):
 par new generation   total 109248K, used 16133K [0x00000000e0000000, 0x00000000e8000000, 0x00000000e8000000)
  eden space 87424K,   0% used [0x00000000e0000000, 0x00000000e0000000, 0x00000000e5560000)
  from space 21824K,  73% used [0x00000000e6ab0000, 0x00000000e7a71768, 0x00000000e8000000)
  to   space 21824K,   0% used [0x00000000e5560000, 0x00000000e5560000, 0x00000000e6ab0000)
 concurrent mark-sweep generation total 393216K, used 0K [0x00000000e8000000, 0x0000000100000000, 0x0000000100000000)
 Metaspace       used 21877K, capacity 22266K, committed 22704K, reserved 1069056K
  class space    used 2583K, capacity 2757K, committed 2816K, reserved 1048576K
}
2016-09-20T21:20:31.218+0200: 4,401: Total time for which application threads were stopped: 0,0317147 seconds, Stopping threads took: 0,0006817 seconds
2016-09-20T21:20:31.310+0200: 4,493: Total time for which application threads were stopped: 0,0002130 seconds, Stopping threads took: 0,0001255 seconds
2016-09-20T21:20:31.310+0200: 4,493: Total time for which application threads were stopped: 0,0001377 seconds, Stopping threads took: 0,0000422 seconds
2016-09-20T21:20:31.311+0200: 4,494: Total time for which application threads were stopped: 0,0001387 seconds, Stopping threads took: 0,0000390 seconds
2016-09-20T21:20:31.332+0200: 4,515: Total time for which application threads were stopped: 0,0002229 seconds, Stopping threads took: 0,0001608 seconds
2016-09-20T21:20:31.335+0200: 4,518: Total time for which application threads were stopped: 0,0001531 seconds, Stopping threads took: 0,0000802 seconds
2016-09-20T21:20:31.341+0200: 4,524: Total time for which application threads were stopped: 0,0001433 seconds, Stopping threads took: 0,0000715 seconds
{Heap before GC invocations=7 (full 1):
 par new generation   total 109248K, used 103557K [0x00000000e0000000, 0x00000000e8000000, 0x00000000e8000000)
  eden space 87424K, 100% used [0x00000000e0000000, 0x00000000e5560000, 0x00000000e5560000)
  from space 21824K,  73% used [0x00000000e6ab0000, 0x00000000e7a71768, 0x00000000e8000000)
  to   space 21824K,   0% used [0x00000000e5560000, 0x00000000e5560000, 0x00000000e6ab0000)
 concurrent mark-sweep generation total 393216K, used 0K [0x00000000e8000000, 0x0000000100000000, 0x0000000100000000)
 Metaspace       used 22342K, capacity 22720K, committed 23088K, reserved 1069056K
  class space    used 2641K, capacity 2822K, committed 2944K, reserved 1048576K
2016-09-20T21:20:31.348+0200: 4,531: [GC (Allocation Failure) 2016-09-20T21:20:31.348+0200: 4,531: [ParNew
Desired survivor size 20112992 bytes, new threshold 8 (max 8)
- age   1:     722856 bytes,     722856 total
- age   2:      86656 bytes,     809512 total
- age   3:     278432 bytes,    1087944 total
- age   4:     127112 bytes,    1215056 total
- age   5:        552 bytes,    1215608 total
- age   6:    2293440 bytes,    3509048 total
- age   7:    1283128 bytes,    4792176 total
- age   8:    6217944 bytes,   11010120 total
: 103557K->14837K(109248K), 0,0165001 secs] 103557K->14837K(502464K), 0,0166967 secs] [Times: user=0,05 sys=0,01, real=0,02 secs] 
Heap after GC invocations=8 (full 1):
 par new generation   total 109248K, used 14837K [0x00000000e0000000, 0x00000000e8000000, 0x00000000e8000000)
  eden space 87424K,   0% used [0x00000000e0000000, 0x00000000e0000000, 0x00000000e5560000)
  from space 21824K,  67% used [0x00000000e5560000, 0x00000000e63dd488, 0x00000000e6ab0000)
  to   space 21824K,   0% used [0x00000000e6ab0000, 0x00000000e6ab0000, 0x00000000e8000000)
 concurrent mark-sweep generation total 393216K, used 0K [0x00000000e8000000, 0x0000000100000000, 0x0000000100000000)
 Metaspace       used 22342K, capacity 22720K, committed 23088K, reserved 1069056K
  class space    used 2641K, capacity 2822K, committed 2944K, reserved 1048576K
}
2016-09-20T21:20:31.365+0200: 4,548: Total time for which application threads were stopped: 0,0168961 seconds, Stopping threads took: 0,0000402 seconds
2016-09-20T21:20:31.383+0200: 4,566: Total time for which application threads were stopped: 0,0002673 seconds, Stopping threads took: 0,0001821 seconds
2016-09-20T21:20:31.410+0200: 4,593: Total time for which application threads were stopped: 0,0001483 seconds, Stopping threads took: 0,0000352 seconds
2016-09-20T21:20:31.411+0200: 4,594: Total time for which application threads were stopped: 0,0003421 seconds, Stopping threads took: 0,0000627 seconds
2016-09-20T21:20:31.426+0200: 4,609: Total time for which application threads were stopped: 0,0002029 seconds, Stopping threads took: 0,0001015 seconds
2016-09-20T21:20:31.426+0200: 4,609: Total time for which application threads were stopped: 0,0000998 seconds, Stopping threads took: 0,0000561 seconds
2016-09-20T21:20:31.426+0200: 4,609: Total time for which application threads were stopped: 0,0000816 seconds, Stopping threads took: 0,0000412 seconds
2016-09-20T21:20:31.431+0200: 4,614: Total time for which application threads were stopped: 0,0001272 seconds, Stopping threads took: 0,0000236 seconds
2016-09-20T21:20:31.431+0200: 4,614: Total time for which application threads were stopped: 0,0000811 seconds, Stopping threads took: 0,0000273 seconds
2016-09-20T21:20:31.432+0200: 4,614: Total time for which application threads were stopped: 0,0000664 seconds, Stopping threads took: 0,0000190 seconds
2016-09-20T21:20:31.435+0200: 4,618: Total time for which application threads were stopped: 0,0035885 seconds, Stopping threads took: 0,0035249 seconds
2016-09-20T21:20:31.435+0200: 4,618: Total time for which application threads were stopped: 0,0001477 seconds, Stopping threads took: 0,0000250 seconds
2016-09-20T21:20:31.438+0200: 4,621: Total time for which application threads were stopped: 0,0001117 seconds, Stopping threads took: 0,0000597 seconds
2016-09-20T21:20:31.483+0200: 4,666: Total time for which application threads were stopped: 0,0003993 seconds, Stopping threads took: 0,0000700 seconds
2016-09-20T21:20:31.519+0200: 4,702: Total time for which application threads were stopped: 0,0003175 seconds, Stopping threads took: 0,0000423 seconds
2016-09-20T21:20:31.638+0200: 4,821: Total time for which application threads were stopped: 0,0001798 seconds, Stopping threads took: 0,0000530 seconds
2016-09-20T21:20:31.696+0200: 4,879: Total time for which application threads were stopped: 0,0002125 seconds, Stopping threads took: 0,0001359 seconds
2016-09-20T21:20:31.703+0200: 4,886: Total time for which application threads were stopped: 0,0006968 seconds, Stopping threads took: 0,0006424 seconds
2016-09-20T21:20:31.711+0200: 4,894: Total time for which application threads were stopped: 0,0007324 seconds, Stopping threads took: 0,0006693 seconds
2016-09-20T21:20:31.711+0200: 4,894: Total time for which application threads were stopped: 0,0000683 seconds, Stopping threads took: 0,0000244 seconds
2016-09-20T21:20:31.715+0200: 4,898: Total time for which application threads were stopped: 0,0022775 seconds, Stopping threads took: 0,0022214 seconds
2016-09-20T21:20:31.725+0200: 4,908: Total time for which application threads were stopped: 0,0001167 seconds, Stopping threads took: 0,0000485 seconds
2016-09-20T21:20:31.731+0200: 4,914: Total time for which application threads were stopped: 0,0038822 seconds, Stopping threads took: 0,0038169 seconds
2016-09-20T21:20:31.740+0200: 4,923: Total time for which application threads were stopped: 0,0001226 seconds, Stopping threads took: 0,0000586 seconds
2016-09-20T21:20:31.783+0200: 4,966: Total time for which application threads were stopped: 0,0001010 seconds, Stopping threads took: 0,0000377 seconds
2016-09-20T21:20:31.789+0200: 4,972: Total time for which application threads were stopped: 0,0001222 seconds, Stopping threads took: 0,0000479 seconds
2016-09-20T21:20:31.800+0200: 4,983: Total time for which application threads were stopped: 0,0001966 seconds, Stopping threads took: 0,0001082 seconds
2016-09-20T21:20:31.800+0200: 4,983: Total time for which application threads were stopped: 0,0001078 seconds, Stopping threads took: 0,0000445 seconds
2016-09-20T21:20:31.804+0200: 4,987: Total time for which application threads were stopped: 0,0001176 seconds, Stopping threads took: 0,0000345 seconds
2016-09-20T21:20:31.990+0200: 5,173: Total time for which application threads were stopped: 0,0001837 seconds, Stopping threads took: 0,0000357 seconds
2016-09-20T21:20:32.016+0200: 5,199: Total time for which application threads were stopped: 0,0001151 seconds, Stopping threads took: 0,0000330 seconds
2016-09-20T21:20:32.017+0200: 5,200: Total time for which application threads were stopped: 0,0001510 seconds, Stopping threads took: 0,0000367 seconds
2016-09-20T21:20:32.063+0200: 5,246: Total time for which application threads were stopped: 0,0006094 seconds, Stopping threads took: 0,0000335 seconds
2016-09-20T21:20:32.078+0200: 5,261: Total time for which application threads were stopped: 0,0061406 seconds, Stopping threads took: 0,0060593 seconds
{Heap before GC invocations=8 (full 1):
 par new generation   total 109248K, used 102261K [0x00000000e0000000, 0x00000000e8000000, 0x00000000e8000000)
  eden space 87424K, 100% used [0x00000000e0000000, 0x00000000e5560000, 0x00000000e5560000)
  from space 21824K,  67% used [0x00000000e5560000, 0x00000000e63dd488, 0x00000000e6ab0000)
  to   space 21824K,   0% used [0x00000000e6ab0000, 0x00000000e6ab0000, 0x00000000e8000000)
 concurrent mark-sweep generation total 393216K, used 0K [0x00000000e8000000, 0x0000000100000000, 0x0000000100000000)
 Metaspace       used 26460K, capacity 26858K, committed 27136K, reserved 1073152K
  class space    used 3132K, capacity 3327K, committed 3328K, reserved 1048576K
2016-09-20T21:20:32.191+0200: 5,374: [GC (Allocation Failure) 2016-09-20T21:20:32.192+0200: 5,375: [ParNew
Desired survivor size 20112992 bytes, new threshold 8 (max 8)
- age   1:    5483352 bytes,    5483352 total
- age   2:     235424 bytes,    5718776 total
- age   3:      86592 bytes,    5805368 total
- age   4:     275128 bytes,    6080496 total
- age   5:     124328 bytes,    6204824 total
- age   6:        552 bytes,    6205376 total
- age   7:     301960 bytes,    6507336 total
- age   8:    1259208 bytes,    7766544 total
: 102261K->9940K(109248K), 0,1146666 secs] 102261K->16598K(502464K), 0,1159687 secs] [Times: user=0,13 sys=0,03, real=0,12 secs] 
Heap after GC invocations=9 (full 1):
 par new generation   total 109248K, used 9940K [0x00000000e0000000, 0x00000000e8000000, 0x00000000e8000000)
  eden space 87424K,   0% used [0x00000000e0000000, 0x00000000e0000000, 0x00000000e5560000)
  from space 21824K,  45% used [0x00000000e6ab0000, 0x00000000e74653f0, 0x00000000e8000000)
  to   space 21824K,   0% used [0x00000000e5560000, 0x00000000e5560000, 0x00000000e6ab0000)
 concurrent mark-sweep generation total 393216K, used 6657K [0x00000000e8000000, 0x0000000100000000, 0x0000000100000000)
 Metaspace       used 26460K, capacity 26858K, committed 27136K, reserved 1073152K
  class space    used 3132K, capacity 3327K, committed 3328K, reserved 1048576K
}
2016-09-20T21:20:32.307+0200: 5,490: Total time for which application threads were stopped: 0,1166926 seconds, Stopping threads took: 0,0004973 seconds
2016-09-20T21:20:32.451+0200: 5,634: Total time for which application threads were stopped: 0,0001170 seconds, Stopping threads took: 0,0000440 seconds
2016-09-20T21:20:32.467+0200: 5,650: Total time for which application threads were stopped: 0,0001983 seconds, Stopping threads took: 0,0000695 seconds
2016-09-20T21:20:32.537+0200: 5,720: Total time for which application threads were stopped: 0,0131111 seconds, Stopping threads took: 0,0129894 seconds
2016-09-20T21:20:32.558+0200: 5,741: Total time for which application threads were stopped: 0,0028389 seconds, Stopping threads took: 0,0026357 seconds
2016-09-20T21:20:32.562+0200: 5,745: Total time for which application threads were stopped: 0,0002632 seconds, Stopping threads took: 0,0001602 seconds
2016-09-20T21:20:32.606+0200: 5,789: Total time for which application threads were stopped: 0,0003139 seconds, Stopping threads took: 0,0001952 seconds
2016-09-20T21:20:32.608+0200: 5,791: Total time for which application threads were stopped: 0,0001523 seconds, Stopping threads took: 0,0000424 seconds
2016-09-20T21:20:32.628+0200: 5,811: Total time for which application threads were stopped: 0,0000976 seconds, Stopping threads took: 0,0000259 seconds
2016-09-20T21:20:32.679+0200: 5,862: Total time for which application threads were stopped: 0,0001750 seconds, Stopping threads took: 0,0000435 seconds
2016-09-20T21:20:32.693+0200: 5,876: Total time for which application threads were stopped: 0,0003629 seconds, Stopping threads took: 0,0000333 seconds
2016-09-20T21:20:32.709+0200: 5,892: Total time for which application threads were stopped: 0,0003473 seconds, Stopping threads took: 0,0000574 seconds
2016-09-20T21:20:32.727+0200: 5,910: Total time for which application threads were stopped: 0,0070490 seconds, Stopping threads took: 0,0069115 seconds
2016-09-20T21:20:32.745+0200: 5,928: Total time for which application threads were stopped: 0,0069131 seconds, Stopping threads took: 0,0068162 seconds
2016-09-20T21:20:32.756+0200: 5,939: Total time for which application threads were stopped: 0,0041734 seconds, Stopping threads took: 0,0040889 seconds
2016-09-20T21:20:32.773+0200: 5,956: Total time for which application threads were stopped: 0,0001348 seconds, Stopping threads took: 0,0000243 seconds
2016-09-20T21:20:32.798+0200: 5,981: Total time for which application threads were stopped: 0,0001948 seconds, Stopping threads took: 0,0000489 seconds
2016-09-20T21:20:32.863+0200: 6,046: Total time for which application threads were stopped: 0,0102238 seconds, Stopping threads took: 0,0101353 seconds
2016-09-20T21:20:32.891+0200: 6,074: Total time for which application threads were stopped: 0,0098604 seconds, Stopping threads took: 0,0097666 seconds
2016-09-20T21:20:33.008+0200: 6,191: Total time for which application threads were stopped: 0,0005479 seconds, Stopping threads took: 0,0000675 seconds
2016-09-20T21:20:33.060+0200: 6,243: Total time for which application threads were stopped: 0,0017243 seconds, Stopping threads took: 0,0016007 seconds
{Heap before GC invocations=9 (full 1):
 par new generation   total 109248K, used 97364K [0x00000000e0000000, 0x00000000e8000000, 0x00000000e8000000)
  eden space 87424K, 100% used [0x00000000e0000000, 0x00000000e5560000, 0x00000000e5560000)
  from space 21824K,  45% used [0x00000000e6ab0000, 0x00000000e74653f0, 0x00000000e8000000)
  to   space 21824K,   0% used [0x00000000e5560000, 0x00000000e5560000, 0x00000000e6ab0000)
 concurrent mark-sweep generation total 393216K, used 6657K [0x00000000e8000000, 0x0000000100000000, 0x0000000100000000)
 Metaspace       used 28990K, capacity 29436K, committed 29824K, reserved 1075200K
  class space    used 3425K, capacity 3616K, committed 3712K, reserved 1048576K
2016-09-20T21:20:33.171+0200: 6,354: [GC (Allocation Failure) 2016-09-20T21:20:33.171+0200: 6,354: [ParNew
Desired survivor size 20112992 bytes, new threshold 8 (max 8)
- age   1:   10499928 bytes,   10499928 total
- age   2:    2046744 bytes,   12546672 total
- age   3:     234688 bytes,   12781360 total
- age   4:      86336 bytes,   12867696 total
- age   5:     273576 bytes,   13141272 total
- age   6:     124072 bytes,   13265344 total
- age   7:        552 bytes,   13265896 total
- age   8:     301040 bytes,   13566936 total
: 97364K->14969K(109248K), 0,0356539 secs] 104022K->22858K(502464K), 0,0357558 secs] [Times: user=0,08 sys=0,00, real=0,03 secs] 
Heap after GC invocations=10 (full 1):
 par new generation   total 109248K, used 14969K [0x00000000e0000000, 0x00000000e8000000, 0x00000000e8000000)
  eden space 87424K,   0% used [0x00000000e0000000, 0x00000000e0000000, 0x00000000e5560000)
  from space 21824K,  68% used [0x00000000e5560000, 0x00000000e63fe430, 0x00000000e6ab0000)
  to   space 21824K,   0% used [0x00000000e6ab0000, 0x00000000e6ab0000, 0x00000000e8000000)
 concurrent mark-sweep generation total 393216K, used 7889K [0x00000000e8000000, 0x0000000100000000, 0x0000000100000000)
 Metaspace       used 28990K, capacity 29436K, committed 29824K, reserved 1075200K
  class space    used 3425K, capacity 3616K, committed 3712K, reserved 1048576K
}
2016-09-20T21:20:33.207+0200: 6,390: Total time for which application threads were stopped: 0,0380970 seconds, Stopping threads took: 0,0020614 seconds
2016-09-20T21:20:33.228+0200: 6,411: Total time for which application threads were stopped: 0,0029228 seconds, Stopping threads took: 0,0024105 seconds
2016-09-20T21:20:33.251+0200: 6,434: Total time for which application threads were stopped: 0,0036784 seconds, Stopping threads took: 0,0035637 seconds
2016-09-20T21:20:33.255+0200: 6,438: Total time for which application threads were stopped: 0,0001575 seconds, Stopping threads took: 0,0000644 seconds
2016-09-20T21:20:33.255+0200: 6,438: Total time for which application threads were stopped: 0,0001440 seconds, Stopping threads took: 0,0000784 seconds
2016-09-20T21:20:33.255+0200: 6,438: Total time for which application threads were stopped: 0,0000484 seconds, Stopping threads took: 0,0000097 seconds
2016-09-20T21:20:33.255+0200: 6,438: Total time for which application threads were stopped: 0,0000576 seconds, Stopping threads took: 0,0000090 seconds
2016-09-20T21:20:33.255+0200: 6,438: Total time for which application threads were stopped: 0,0000584 seconds, Stopping threads took: 0,0000087 seconds
{Heap before GC invocations=10 (full 1):
 par new generation   total 109248K, used 102393K [0x00000000e0000000, 0x00000000e8000000, 0x00000000e8000000)
  eden space 87424K, 100% used [0x00000000e0000000, 0x00000000e5560000, 0x00000000e5560000)
  from space 21824K,  68% used [0x00000000e5560000, 0x00000000e63fe430, 0x00000000e6ab0000)
  to   space 21824K,   0% used [0x00000000e6ab0000, 0x00000000e6ab0000, 0x00000000e8000000)
 concurrent mark-sweep generation total 393216K, used 7889K [0x00000000e8000000, 0x0000000100000000, 0x0000000100000000)
 Metaspace       used 29512K, capacity 29972K, committed 30336K, reserved 1075200K
  class space    used 3496K, capacity 3684K, committed 3712K, reserved 1048576K
2016-09-20T21:20:33.355+0200: 6,538: [GC (Allocation Failure) 2016-09-20T21:20:33.356+0200: 6,539: [ParNew
Desired survivor size 20112992 bytes, new threshold 8 (max 8)
- age   1:    3362320 bytes,    3362320 total
- age   2:    7792720 bytes,   11155040 total
- age   3:    2043360 bytes,   13198400 total
- age   4:     234624 bytes,   13433024 total
- age   5:      86336 bytes,   13519360 total
- age   6:     273160 bytes,   13792520 total
- age   7:     123656 bytes,   13916176 total
- age   8:        552 bytes,   13916728 total
: 102393K->16398K(109248K), 0,0615677 secs] 110282K->24588K(502464K), 0,0622720 secs] [Times: user=0,14 sys=0,01, real=0,06 secs] 
Heap after GC invocations=11 (full 1):
 par new generation   total 109248K, used 16398K [0x00000000e0000000, 0x00000000e8000000, 0x00000000e8000000)
  eden space 87424K,   0% used [0x00000000e0000000, 0x00000000e0000000, 0x00000000e5560000)
  from space 21824K,  75% used [0x00000000e6ab0000, 0x00000000e7ab3bb0, 0x00000000e8000000)
  to   space 21824K,   0% used [0x00000000e5560000, 0x00000000e5560000, 0x00000000e6ab0000)
 concurrent mark-sweep generation total 393216K, used 8189K [0x00000000e8000000, 0x0000000100000000, 0x0000000100000000)
 Metaspace       used 29512K, capacity 29972K, committed 30336K, reserved 1075200K
  class space    used 3496K, capacity 3684K, committed 3712K, reserved 1048576K
}
2016-09-20T21:20:33.417+0200: 6,600: Total time for which application threads were stopped: 0,0626123 seconds, Stopping threads took: 0,0000884 seconds
2016-09-20T21:20:33.420+0200: 6,603: Total time for which application threads were stopped: 0,0014155 seconds, Stopping threads took: 0,0012759 seconds
2016-09-20T21:20:33.423+0200: 6,606: Total time for which application threads were stopped: 0,0001776 seconds, Stopping threads took: 0,0000663 seconds
2016-09-20T21:20:33.467+0200: 6,650: Total time for which application threads were stopped: 0,0033485 seconds, Stopping threads took: 0,0029973 seconds
{Heap before GC invocations=11 (full 1):
 par new generation   total 109248K, used 103822K [0x00000000e0000000, 0x00000000e8000000, 0x00000000e8000000)
  eden space 87424K, 100% used [0x00000000e0000000, 0x00000000e5560000, 0x00000000e5560000)
  from space 21824K,  75% used [0x00000000e6ab0000, 0x00000000e7ab3bb0, 0x00000000e8000000)
  to   space 21824K,   0% used [0x00000000e5560000, 0x00000000e5560000, 0x00000000e6ab0000)
 concurrent mark-sweep generation total 393216K, used 8189K [0x00000000e8000000, 0x0000000100000000, 0x0000000100000000)
 Metaspace       used 29649K, capacity 30150K, committed 30592K, reserved 1077248K
  class space    used 3514K, capacity 3695K, committed 3712K, reserved 1048576K
2016-09-20T21:20:33.519+0200: 6,702: [GC (Allocation Failure) 2016-09-20T21:20:33.519+0200: 6,702: [ParNew
Desired survivor size 20112992 bytes, new threshold 8 (max 8)
- age   1:     535120 bytes,     535120 total
- age   2:    2837200 bytes,    3372320 total
- age   3:    7772528 bytes,   11144848 total
- age   4:    2042656 bytes,   13187504 total
- age   5:     234560 bytes,   13422064 total
- age   6:      86336 bytes,   13508400 total
- age   7:     272808 bytes,   13781208 total
- age   8:     123448 bytes,   13904656 total
: 103822K->21824K(109248K), 0,0895798 secs] 112012K->30014K(502464K), 0,0898307 secs] [Times: user=0,17 sys=0,05, real=0,08 secs] 
Heap after GC invocations=12 (full 1):
 par new generation   total 109248K, used 21824K [0x00000000e0000000, 0x00000000e8000000, 0x00000000e8000000)
  eden space 87424K,   0% used [0x00000000e0000000, 0x00000000e0000000, 0x00000000e5560000)
  from space 21824K, 100% used [0x00000000e5560000, 0x00000000e6ab0000, 0x00000000e6ab0000)
  to   space 21824K,   0% used [0x00000000e6ab0000, 0x00000000e6ab0000, 0x00000000e8000000)
 concurrent mark-sweep generation total 393216K, used 8190K [0x00000000e8000000, 0x0000000100000000, 0x0000000100000000)
 Metaspace       used 29649K, capacity 30150K, committed 30592K, reserved 1077248K
  class space    used 3514K, capacity 3695K, committed 3712K, reserved 1048576K
}
2016-09-20T21:20:33.610+0200: 6,793: Total time for which application threads were stopped: 0,0922378 seconds, Stopping threads took: 0,0016076 seconds
2016-09-20T21:20:33.616+0200: 6,799: Total time for which application threads were stopped: 0,0001615 seconds, Stopping threads took: 0,0000701 seconds
2016-09-20T21:20:33.618+0200: 6,801: Total time for which application threads were stopped: 0,0021705 seconds, Stopping threads took: 0,0020481 seconds
2016-09-20T21:20:33.618+0200: 6,801: Total time for which application threads were stopped: 0,0001150 seconds, Stopping threads took: 0,0000341 seconds
2016-09-20T21:20:33.619+0200: 6,802: Total time for which application threads were stopped: 0,0000941 seconds, Stopping threads took: 0,0000110 seconds
2016-09-20T21:20:33.655+0200: 6,838: Total time for which application threads were stopped: 0,0036610 seconds, Stopping threads took: 0,0035421 seconds
2016-09-20T21:20:33.655+0200: 6,838: Total time for which application threads were stopped: 0,0000895 seconds, Stopping threads took: 0,0000112 seconds
{Heap before GC invocations=12 (full 1):
 par new generation   total 109248K, used 109246K [0x00000000e0000000, 0x00000000e8000000, 0x00000000e8000000)
  eden space 87424K,  99% used [0x00000000e0000000, 0x00000000e555fab0, 0x00000000e5560000)
  from space 21824K, 100% used [0x00000000e5560000, 0x00000000e6ab0000, 0x00000000e6ab0000)
  to   space 21824K,   0% used [0x00000000e6ab0000, 0x00000000e6ab0000, 0x00000000e8000000)
 concurrent mark-sweep generation total 393216K, used 8190K [0x00000000e8000000, 0x0000000100000000, 0x0000000100000000)
 Metaspace       used 30243K, capacity 30790K, committed 31232K, reserved 1077248K
  class space    used 3569K, capacity 3737K, committed 3840K, reserved 1048576K
2016-09-20T21:20:33.751+0200: 6,934: [GC (Allocation Failure) 2016-09-20T21:20:33.751+0200: 6,934: [ParNew
Desired survivor size 20112992 bytes, new threshold 8 (max 8)
- age   1:     911968 bytes,     911968 total
- age   2:     149640 bytes,    1061608 total
- age   3:    2836752 bytes,    3898360 total
- age   4:    7772528 bytes,   11670888 total
- age   5:    2042560 bytes,   13713448 total
- age   6:     234560 bytes,   13948008 total
- age   7:      86336 bytes,   14034344 total
- age   8:     272808 bytes,   14307152 total
: 109246K->17393K(109248K), 0,0568325 secs] 117436K->25707K(502464K), 0,0570501 secs] [Times: user=0,17 sys=0,00, real=0,05 secs] 
Heap after GC invocations=13 (full 1):
 par new generation   total 109248K, used 17393K [0x00000000e0000000, 0x00000000e8000000, 0x00000000e8000000)
  eden space 87424K,   0% used [0x00000000e0000000, 0x00000000e0000000, 0x00000000e5560000)
  from space 21824K,  79% used [0x00000000e6ab0000, 0x00000000e7bac610, 0x00000000e8000000)
  to   space 21824K,   0% used [0x00000000e5560000, 0x00000000e5560000, 0x00000000e6ab0000)
 concurrent mark-sweep generation total 393216K, used 8313K [0x00000000e8000000, 0x0000000100000000, 0x0000000100000000)
 Metaspace       used 30243K, capacity 30790K, committed 31232K, reserved 1077248K
  class space    used 3569K, capacity 3737K, committed 3840K, reserved 1048576K
}
2016-09-20T21:20:33.808+0200: 6,991: Total time for which application threads were stopped: 0,0633562 seconds, Stopping threads took: 0,0060239 seconds
2016-09-20T21:20:34.134+0200: 7,317: Total time for which application threads were stopped: 0,0001873 seconds, Stopping threads took: 0,0000424 seconds
2016-09-20T21:20:34.146+0200: 7,329: Total time for which application threads were stopped: 0,0001319 seconds, Stopping threads took: 0,0000408 seconds
{Heap before GC invocations=13 (full 1):
 par new generation   total 109248K, used 104817K [0x00000000e0000000, 0x00000000e8000000, 0x00000000e8000000)
  eden space 87424K, 100% used [0x00000000e0000000, 0x00000000e5560000, 0x00000000e5560000)
  from space 21824K,  79% used [0x00000000e6ab0000, 0x00000000e7bac610, 0x00000000e8000000)
  to   space 21824K,   0% used [0x00000000e5560000, 0x00000000e5560000, 0x00000000e6ab0000)
 concurrent mark-sweep generation total 393216K, used 8313K [0x00000000e8000000, 0x0000000100000000, 0x0000000100000000)
 Metaspace       used 30442K, capacity 31094K, committed 31488K, reserved 1077248K
  class space    used 3583K, capacity 3747K, committed 3840K, reserved 1048576K
2016-09-20T21:20:34.196+0200: 7,379: [GC (Allocation Failure) 2016-09-20T21:20:34.197+0200: 7,380: [ParNew
Desired survivor size 20112992 bytes, new threshold 8 (max 8)
- age   1:    3143560 bytes,    3143560 total
- age   2:     143648 bytes,    3287208 total
- age   3:     146808 bytes,    3434016 total
- age   4:    1480456 bytes,    4914472 total
- age   5:    7766680 bytes,   12681152 total
- age   6:    2041976 bytes,   14723128 total
- age   7:     234528 bytes,   14957656 total
- age   8:      86336 bytes,   15043992 total
: 104817K->16990K(109248K), 0,0387345 secs] 113131K->25577K(502464K), 0,0390434 secs] [Times: user=0,10 sys=0,00, real=0,04 secs] 
Heap after GC invocations=14 (full 1):
 par new generation   total 109248K, used 16990K [0x00000000e0000000, 0x00000000e8000000, 0x00000000e8000000)
  eden space 87424K,   0% used [0x00000000e0000000, 0x00000000e0000000, 0x00000000e5560000)
  from space 21824K,  77% used [0x00000000e5560000, 0x00000000e65f7bc0, 0x00000000e6ab0000)
  to   space 21824K,   0% used [0x00000000e6ab0000, 0x00000000e6ab0000, 0x00000000e8000000)
 concurrent mark-sweep generation total 393216K, used 8586K [0x00000000e8000000, 0x0000000100000000, 0x0000000100000000)
 Metaspace       used 30442K, capacity 31094K, committed 31488K, reserved 1077248K
  class space    used 3583K, capacity 3747K, committed 3840K, reserved 1048576K
}
2016-09-20T21:20:34.236+0200: 7,419: Total time for which application threads were stopped: 0,0397010 seconds, Stopping threads took: 0,0001869 seconds
2016-09-20T21:20:34.236+0200: 7,419: Total time for which application threads were stopped: 0,0000712 seconds, Stopping threads took: 0,0000147 seconds
2016-09-20T21:20:34.271+0200: 7,454: Total time for which application threads were stopped: 0,0013691 seconds, Stopping threads took: 0,0008521 seconds
2016-09-20T21:20:35.271+0200: 8,454: Total time for which application threads were stopped: 0,0000933 seconds, Stopping threads took: 0,0000254 seconds
2016-09-20T21:20:49.273+0200: 22,456: Total time for which application threads were stopped: 0,0001237 seconds, Stopping threads took: 0,0000232 seconds
2016-09-20T21:20:50.273+0200: 23,456: Total time for which application threads were stopped: 0,0001683 seconds, Stopping threads took: 0,0000391 seconds
2016-09-20T21:20:51.273+0200: 24,456: Total time for which application threads were stopped: 0,0003658 seconds, Stopping threads took: 0,0000627 seconds
2016-09-20T21:20:51.793+0200: 24,976: Total time for which application threads were stopped: 0,0012772 seconds, Stopping threads took: 0,0010239 seconds
2016-09-20T21:20:51.798+0200: 24,981: Total time for which application threads were stopped: 0,0003261 seconds, Stopping threads took: 0,0000596 seconds
2016-09-20T21:20:51.799+0200: 24,982: Total time for which application threads were stopped: 0,0002488 seconds, Stopping threads took: 0,0000739 seconds
2016-09-20T21:20:51.805+0200: 24,988: Total time for which application threads were stopped: 0,0053301 seconds, Stopping threads took: 0,0050189 seconds
2016-09-20T21:20:51.808+0200: 24,991: Total time for which application threads were stopped: 0,0003456 seconds, Stopping threads took: 0,0000637 seconds
2016-09-20T21:20:51.809+0200: 24,992: Total time for which application threads were stopped: 0,0002157 seconds, Stopping threads took: 0,0000333 seconds
2016-09-20T21:20:51.809+0200: 24,992: Total time for which application threads were stopped: 0,0002978 seconds, Stopping threads took: 0,0000288 seconds
2016-09-20T21:20:51.816+0200: 24,999: Total time for which application threads were stopped: 0,0003356 seconds, Stopping threads took: 0,0001417 seconds
2016-09-20T21:20:51.817+0200: 25,000: Total time for which application threads were stopped: 0,0002063 seconds, Stopping threads took: 0,0000255 seconds
2016-09-20T21:20:51.817+0200: 25,000: Total time for which application threads were stopped: 0,0003442 seconds, Stopping threads took: 0,0002029 seconds
2016-09-20T21:20:51.818+0200: 25,001: Total time for which application threads were stopped: 0,0001644 seconds, Stopping threads took: 0,0000224 seconds
2016-09-20T21:20:51.818+0200: 25,001: Total time for which application threads were stopped: 0,0001593 seconds, Stopping threads took: 0,0000203 seconds
2016-09-20T21:20:51.818+0200: 25,001: Total time for which application threads were stopped: 0,0001467 seconds, Stopping threads took: 0,0000196 seconds
2016-09-20T21:20:51.819+0200: 25,002: Total time for which application threads were stopped: 0,0001601 seconds, Stopping threads took: 0,0000218 seconds
2016-09-20T21:20:51.819+0200: 25,002: Total time for which application threads were stopped: 0,0001611 seconds, Stopping threads took: 0,0000227 seconds
2016-09-20T21:20:51.822+0200: 25,006: Total time for which application threads were stopped: 0,0004138 seconds, Stopping threads took: 0,0001300 seconds
2016-09-20T21:20:51.823+0200: 25,006: Total time for which application threads were stopped: 0,0005642 seconds, Stopping threads took: 0,0000695 seconds
2016-09-20T21:20:51.826+0200: 25,009: Total time for which application threads were stopped: 0,0001770 seconds, Stopping threads took: 0,0000614 seconds
2016-09-20T21:20:51.839+0200: 25,022: Total time for which application threads were stopped: 0,0001585 seconds, Stopping threads took: 0,0000301 seconds
2016-09-20T21:20:51.839+0200: 25,022: Total time for which application threads were stopped: 0,0001415 seconds, Stopping threads took: 0,0000414 seconds
2016-09-20T21:20:51.842+0200: 25,025: Total time for which application threads were stopped: 0,0010709 seconds, Stopping threads took: 0,0009892 seconds
2016-09-20T21:20:51.842+0200: 25,025: Total time for which application threads were stopped: 0,0001440 seconds, Stopping threads took: 0,0000687 seconds
2016-09-20T21:20:51.849+0200: 25,032: Total time for which application threads were stopped: 0,0001825 seconds, Stopping threads took: 0,0000320 seconds
2016-09-20T21:20:51.853+0200: 25,036: Total time for which application threads were stopped: 0,0001642 seconds, Stopping threads took: 0,0000463 seconds
2016-09-20T21:20:51.858+0200: 25,041: Total time for which application threads were stopped: 0,0001487 seconds, Stopping threads took: 0,0000364 seconds
2016-09-20T21:20:51.871+0200: 25,054: Total time for which application threads were stopped: 0,0000866 seconds, Stopping threads took: 0,0000244 seconds
2016-09-20T21:21:42.876+0200: 76,059: Total time for which application threads were stopped: 0,0000918 seconds, Stopping threads took: 0,0000227 seconds
2016-09-20T21:21:51.854+0200: 85,037: Total time for which application threads were stopped: 0,0000733 seconds, Stopping threads took: 0,0000179 seconds
2016-09-20T21:21:51.871+0200: 85,054: Total time for which application threads were stopped: 0,0001139 seconds, Stopping threads took: 0,0000316 seconds
2016-09-20T21:22:42.890+0200: 136,073: Total time for which application threads were stopped: 0,0003487 seconds, Stopping threads took: 0,0001364 seconds
2016-09-20T21:22:46.892+0200: 140,075: Total time for which application threads were stopped: 0,0002687 seconds, Stopping threads took: 0,0000476 seconds
2016-09-20T21:22:51.893+0200: 145,076: Total time for which application threads were stopped: 0,0001244 seconds, Stopping threads took: 0,0000286 seconds
2016-09-20T21:23:15.900+0200: 169,083: Total time for which application threads were stopped: 0,0002604 seconds, Stopping threads took: 0,0000932 seconds
2016-09-20T21:23:16.848+0200: 170,031: Total time for which application threads were stopped: 0,0005884 seconds, Stopping threads took: 0,0005106 seconds
2016-09-20T21:23:16.850+0200: 170,033: Total time for which application threads were stopped: 0,0003716 seconds, Stopping threads took: 0,0002019 seconds
2016-09-20T21:23:16.859+0200: 170,042: Total time for which application threads were stopped: 0,0001616 seconds, Stopping threads took: 0,0000431 seconds
2016-09-20T21:23:16.860+0200: 170,043: Total time for which application threads were stopped: 0,0003016 seconds, Stopping threads took: 0,0002289 seconds
2016-09-20T21:23:16.860+0200: 170,043: Total time for which application threads were stopped: 0,0000611 seconds, Stopping threads took: 0,0000139 seconds
2016-09-20T21:23:16.861+0200: 170,044: Total time for which application threads were stopped: 0,0005090 seconds, Stopping threads took: 0,0004395 seconds
2016-09-20T21:23:16.861+0200: 170,044: Total time for which application threads were stopped: 0,0000917 seconds, Stopping threads took: 0,0000292 seconds
2016-09-20T21:23:16.861+0200: 170,044: Total time for which application threads were stopped: 0,0000779 seconds, Stopping threads took: 0,0000286 seconds
2016-09-20T21:23:16.861+0200: 170,044: Total time for which application threads were stopped: 0,0000594 seconds, Stopping threads took: 0,0000117 seconds
2016-09-20T21:23:16.868+0200: 170,051: Total time for which application threads were stopped: 0,0049308 seconds, Stopping threads took: 0,0046382 seconds
2016-09-20T21:23:16.872+0200: 170,055: Total time for which application threads were stopped: 0,0001016 seconds, Stopping threads took: 0,0000382 seconds
2016-09-20T21:23:16.872+0200: 170,055: Total time for which application threads were stopped: 0,0000646 seconds, Stopping threads took: 0,0000142 seconds
2016-09-20T21:23:16.874+0200: 170,057: Total time for which application threads were stopped: 0,0012912 seconds, Stopping threads took: 0,0010842 seconds
2016-09-20T21:23:16.874+0200: 170,057: Total time for which application threads were stopped: 0,0000898 seconds, Stopping threads took: 0,0000320 seconds
2016-09-20T21:23:16.875+0200: 170,058: Total time for which application threads were stopped: 0,0001232 seconds, Stopping threads took: 0,0000324 seconds
2016-09-20T21:23:16.875+0200: 170,058: Total time for which application threads were stopped: 0,0000716 seconds, Stopping threads took: 0,0000242 seconds
2016-09-20T21:23:16.875+0200: 170,058: Total time for which application threads were stopped: 0,0000900 seconds, Stopping threads took: 0,0000318 seconds
2016-09-20T21:23:16.876+0200: 170,059: Total time for which application threads were stopped: 0,0000778 seconds, Stopping threads took: 0,0000270 seconds
2016-09-20T21:23:16.894+0200: 170,077: Total time for which application threads were stopped: 0,0001122 seconds, Stopping threads took: 0,0000239 seconds
2016-09-20T21:23:16.894+0200: 170,077: Total time for which application threads were stopped: 0,0000676 seconds, Stopping threads took: 0,0000098 seconds
2016-09-20T21:23:16.930+0200: 170,113: Total time for which application threads were stopped: 0,0016820 seconds, Stopping threads took: 0,0015669 seconds
2016-09-20T21:23:16.930+0200: 170,113: Total time for which application threads were stopped: 0,0001112 seconds, Stopping threads took: 0,0000359 seconds
2016-09-20T21:23:17.048+0200: 170,231: Total time for which application threads were stopped: 0,0001601 seconds, Stopping threads took: 0,0000405 seconds
2016-09-20T21:23:17.048+0200: 170,231: Total time for which application threads were stopped: 0,0001038 seconds, Stopping threads took: 0,0000173 seconds
2016-09-20T21:23:17.050+0200: 170,233: Total time for which application threads were stopped: 0,0001307 seconds, Stopping threads took: 0,0000560 seconds
2016-09-20T21:23:17.055+0200: 170,238: Total time for which application threads were stopped: 0,0001111 seconds, Stopping threads took: 0,0000213 seconds
2016-09-20T21:23:18.056+0200: 171,239: Total time for which application threads were stopped: 0,0001947 seconds, Stopping threads took: 0,0000749 seconds
2016-09-20T21:23:24.809+0200: 177,992: Total time for which application threads were stopped: 0,0001094 seconds, Stopping threads took: 0,0000201 seconds
2016-09-20T21:23:24.809+0200: 177,992: Total time for which application threads were stopped: 0,0000614 seconds, Stopping threads took: 0,0000080 seconds
2016-09-20T21:23:24.815+0200: 177,998: Total time for which application threads were stopped: 0,0004127 seconds, Stopping threads took: 0,0000863 seconds
2016-09-20T21:23:24.816+0200: 177,999: Total time for which application threads were stopped: 0,0001879 seconds, Stopping threads took: 0,0000331 seconds
2016-09-20T21:23:31.915+0200: 185,098: Total time for which application threads were stopped: 0,0001483 seconds, Stopping threads took: 0,0000617 seconds
2016-09-20T21:23:31.915+0200: 185,098: Total time for which application threads were stopped: 0,0001061 seconds, Stopping threads took: 0,0000184 seconds
2016-09-20T21:23:31.915+0200: 185,098: Total time for which application threads were stopped: 0,0000543 seconds, Stopping threads took: 0,0000082 seconds
2016-09-20T21:23:31.915+0200: 185,098: Total time for which application threads were stopped: 0,0000705 seconds, Stopping threads took: 0,0000233 seconds
2016-09-20T21:23:33.588+0200: 186,771: Total time for which application threads were stopped: 0,0006473 seconds, Stopping threads took: 0,0005071 seconds
2016-09-20T21:23:33.592+0200: 186,775: Total time for which application threads were stopped: 0,0001332 seconds, Stopping threads took: 0,0000350 seconds
2016-09-20T21:23:33.596+0200: 186,779: Total time for which application threads were stopped: 0,0001424 seconds, Stopping threads took: 0,0000316 seconds
2016-09-20T21:23:33.596+0200: 186,779: Total time for which application threads were stopped: 0,0000877 seconds, Stopping threads took: 0,0000091 seconds
2016-09-20T21:23:33.601+0200: 186,784: Total time for which application threads were stopped: 0,0043328 seconds, Stopping threads took: 0,0042515 seconds
2016-09-20T21:23:33.605+0200: 186,788: Total time for which application threads were stopped: 0,0000957 seconds, Stopping threads took: 0,0000227 seconds
2016-09-20T21:23:34.606+0200: 187,789: Total time for which application threads were stopped: 0,0002020 seconds, Stopping threads took: 0,0000447 seconds
2016-09-20T21:23:35.367+0200: 188,550: Total time for which application threads were stopped: 0,0001576 seconds, Stopping threads took: 0,0000513 seconds
2016-09-20T21:23:35.368+0200: 188,551: Total time for which application threads were stopped: 0,0001057 seconds, Stopping threads took: 0,0000148 seconds
2016-09-20T21:23:35.371+0200: 188,554: Total time for which application threads were stopped: 0,0023079 seconds, Stopping threads took: 0,0022005 seconds
2016-09-20T21:23:35.377+0200: 188,560: Total time for which application threads were stopped: 0,0019265 seconds, Stopping threads took: 0,0018341 seconds
2016-09-20T21:23:36.829+0200: 190,012: Total time for which application threads were stopped: 0,0001914 seconds, Stopping threads took: 0,0000696 seconds
2016-09-20T21:23:36.829+0200: 190,012: Total time for which application threads were stopped: 0,0000541 seconds, Stopping threads took: 0,0000116 seconds
2016-09-20T21:23:36.832+0200: 190,015: Total time for which application threads were stopped: 0,0001981 seconds, Stopping threads took: 0,0000338 seconds
2016-09-20T21:23:36.832+0200: 190,015: Total time for which application threads were stopped: 0,0001249 seconds, Stopping threads took: 0,0000159 seconds
2016-09-20T21:23:36.832+0200: 190,015: Total time for which application threads were stopped: 0,0001065 seconds, Stopping threads took: 0,0000145 seconds
2016-09-20T21:23:37.833+0200: 191,016: Total time for which application threads were stopped: 0,0002853 seconds, Stopping threads took: 0,0000586 seconds
2016-09-20T21:24:35.369+0200: 248,552: Total time for which application threads were stopped: 0,0003183 seconds, Stopping threads took: 0,0001011 seconds
2016-09-20T21:24:36.833+0200: 250,016: Total time for which application threads were stopped: 0,0002785 seconds, Stopping threads took: 0,0000597 seconds
2016-09-20T21:28:40.095+0200: 493,278: Total time for which application threads were stopped: 0,0130376 seconds, Stopping threads took: 0,0129400 seconds
2016-09-20T21:28:40.098+0200: 493,281: Total time for which application threads were stopped: 0,0023518 seconds, Stopping threads took: 0,0022807 seconds
2016-09-20T21:28:40.100+0200: 493,283: Total time for which application threads were stopped: 0,0001303 seconds, Stopping threads took: 0,0000436 seconds
2016-09-20T21:28:40.100+0200: 493,283: Total time for which application threads were stopped: 0,0001962 seconds, Stopping threads took: 0,0001359 seconds
2016-09-20T21:28:40.874+0200: 494,057: Total time for which application threads were stopped: 0,0026737 seconds, Stopping threads took: 0,0025590 seconds
2016-09-20T21:28:40.877+0200: 494,060: Total time for which application threads were stopped: 0,0001481 seconds, Stopping threads took: 0,0000501 seconds
2016-09-20T21:28:40.878+0200: 494,061: Total time for which application threads were stopped: 0,0001136 seconds, Stopping threads took: 0,0000424 seconds
2016-09-20T21:28:40.880+0200: 494,063: Total time for which application threads were stopped: 0,0001176 seconds, Stopping threads took: 0,0000454 seconds
2016-09-20T21:28:46.882+0200: 500,067: Total time for which application threads were stopped: 0,0027222 seconds, Stopping threads took: 0,0001075 seconds
2016-09-20T21:28:54.920+0200: 508,103: Total time for which application threads were stopped: 0,0001389 seconds, Stopping threads took: 0,0000257 seconds
2016-09-20T21:28:54.920+0200: 508,103: Total time for which application threads were stopped: 0,0000712 seconds, Stopping threads took: 0,0000121 seconds
2016-09-20T21:28:54.924+0200: 508,107: Total time for which application threads were stopped: 0,0001071 seconds, Stopping threads took: 0,0000290 seconds
2016-09-20T21:28:54.924+0200: 508,107: Total time for which application threads were stopped: 0,0000558 seconds, Stopping threads took: 0,0000106 seconds
2016-09-20T21:28:54.926+0200: 508,109: Total time for which application threads were stopped: 0,0001114 seconds, Stopping threads took: 0,0000268 seconds
2016-09-20T21:28:54.926+0200: 508,109: Total time for which application threads were stopped: 0,0000984 seconds, Stopping threads took: 0,0000208 seconds
2016-09-20T21:28:54.929+0200: 508,112: Total time for which application threads were stopped: 0,0001198 seconds, Stopping threads took: 0,0000456 seconds
2016-09-20T21:28:54.930+0200: 508,112: Total time for which application threads were stopped: 0,0000680 seconds, Stopping threads took: 0,0000219 seconds
2016-09-20T21:28:58.236+0200: 511,419: Total time for which application threads were stopped: 0,0001460 seconds, Stopping threads took: 0,0000396 seconds
2016-09-20T21:28:58.237+0200: 511,420: Total time for which application threads were stopped: 0,0006484 seconds, Stopping threads took: 0,0005640 seconds
2016-09-20T21:28:58.240+0200: 511,423: Total time for which application threads were stopped: 0,0029371 seconds, Stopping threads took: 0,0027934 seconds
2016-09-20T21:28:58.249+0200: 511,432: Total time for which application threads were stopped: 0,0001826 seconds, Stopping threads took: 0,0000747 seconds
2016-09-20T21:28:58.249+0200: 511,432: Total time for which application threads were stopped: 0,0000924 seconds, Stopping threads took: 0,0000238 seconds
2016-09-20T21:28:58.496+0200: 511,679: Total time for which application threads were stopped: 0,0001309 seconds, Stopping threads took: 0,0000249 seconds
2016-09-20T21:28:58.496+0200: 511,679: Total time for which application threads were stopped: 0,0000763 seconds, Stopping threads took: 0,0000137 seconds
2016-09-20T21:28:58.504+0200: 511,687: Total time for which application threads were stopped: 0,0001100 seconds, Stopping threads took: 0,0000398 seconds
2016-09-20T21:28:58.507+0200: 511,690: Total time for which application threads were stopped: 0,0001063 seconds, Stopping threads took: 0,0000264 seconds
2016-09-20T21:29:40.880+0200: 554,063: Total time for which application threads were stopped: 0,0003458 seconds, Stopping threads took: 0,0001176 seconds
2016-09-20T21:29:48.883+0200: 562,066: Total time for which application threads were stopped: 0,0002977 seconds, Stopping threads took: 0,0000616 seconds
2016-09-20T21:29:53.885+0200: 567,068: Total time for which application threads were stopped: 0,0002089 seconds, Stopping threads took: 0,0000462 seconds
2016-09-20T21:29:58.508+0200: 571,691: Total time for which application threads were stopped: 0,0003280 seconds, Stopping threads took: 0,0000917 seconds
2016-09-20T21:31:58.550+0200: 691,733: Total time for which application threads were stopped: 0,0003257 seconds, Stopping threads took: 0,0000994 seconds
2016-09-20T21:32:00.551+0200: 693,734: Total time for which application threads were stopped: 0,0002119 seconds, Stopping threads took: 0,0000482 seconds
2016-09-20T21:34:25.589+0200: 838,772: Total time for which application threads were stopped: 0,0004289 seconds, Stopping threads took: 0,0003513 seconds
2016-09-20T21:46:48.876+0200: 1582,059: Total time for which application threads were stopped: 0,0003837 seconds, Stopping threads took: 0,0001405 seconds
2016-09-20T22:07:35.328+0200: 2828,511: Total time for which application threads were stopped: 0,0003102 seconds, Stopping threads took: 0,0001121 seconds
2016-09-20T22:14:05.403+0200: 3218,586: Total time for which application threads were stopped: 0,0001888 seconds, Stopping threads took: 0,0000626 seconds
2016-09-20T22:14:10.405+0200: 3223,588: Total time for which application threads were stopped: 0,0000905 seconds, Stopping threads took: 0,0000222 seconds
2016-09-20T22:15:10.417+0200: 3283,600: Total time for which application threads were stopped: 0,0002495 seconds, Stopping threads took: 0,0000882 seconds
2016-09-20T22:24:39.514+0200: 3852,697: Total time for which application threads were stopped: 0,0001782 seconds, Stopping threads took: 0,0000577 seconds
2016-09-20T22:24:54.517+0200: 3867,700: Total time for which application threads were stopped: 0,0001559 seconds, Stopping threads took: 0,0000547 seconds
2016-09-20T22:46:29.772+0200: 5162,955: Total time for which application threads were stopped: 0,0005789 seconds, Stopping threads took: 0,0000324 seconds
2016-09-20T22:47:59.793+0200: 5252,976: Total time for which application threads were stopped: 0,0001531 seconds, Stopping threads took: 0,0000542 seconds
2016-09-20T22:48:29.797+0200: 5282,980: Total time for which application threads were stopped: 0,0002541 seconds, Stopping threads took: 0,0000921 seconds
2016-09-20T22:48:59.805+0200: 5312,988: Total time for which application threads were stopped: 0,0033638 seconds, Stopping threads took: 0,0000905 seconds
2016-09-20T23:05:29.223+0200: 6302,406: Total time for which application threads were stopped: 0,0010178 seconds, Stopping threads took: 0,0007096 seconds
2016-09-20T23:14:59.471+0200: 6872,654: Total time for which application threads were stopped: 0,0003450 seconds, Stopping threads took: 0,0001097 seconds
2016-09-20T23:15:29.482+0200: 6902,665: Total time for which application threads were stopped: 0,0002502 seconds, Stopping threads took: 0,0000846 seconds
2016-09-20T23:28:59.829+0200: 7713,012: Total time for which application threads were stopped: 0,0004283 seconds, Stopping threads took: 0,0001458 seconds
2016-09-21T06:48:00.269+0200: 34053,452: Total time for which application threads were stopped: 0,0048437 seconds, Stopping threads took: 0,0031329 seconds
2016-09-21T09:30:25.176+0200: 43798,359: Total time for which application threads were stopped: 0,0134945 seconds, Stopping threads took: 0,0074124 seconds
2016-09-21T20:29:34.655+0200: 83347,840: Total time for which application threads were stopped: 0,0177333 seconds, Stopping threads took: 0,0068667 seconds
2016-09-21T20:29:39.660+0200: 83352,843: Total time for which application threads were stopped: 0,0002566 seconds, Stopping threads took: 0,0000756 seconds
2016-09-21T20:29:58.664+0200: 83371,847: Total time for which application threads were stopped: 0,0001175 seconds, Stopping threads took: 0,0000240 seconds
2016-09-21T20:30:48.682+0200: 83421,865: Total time for which application threads were stopped: 0,0022618 seconds, Stopping threads took: 0,0004333 seconds
2016-09-21T20:30:56.684+0200: 83429,867: Total time for which application threads were stopped: 0,0003183 seconds, Stopping threads took: 0,0000635 seconds
2016-09-21T20:30:58.686+0200: 83431,869: Total time for which application threads were stopped: 0,0002650 seconds, Stopping threads took: 0,0000930 seconds
2016-09-21T20:31:22.548+0200: 83455,731: Total time for which application threads were stopped: 0,0024368 seconds, Stopping threads took: 0,0002424 seconds
2016-09-21T20:31:23.551+0200: 83456,734: Total time for which application threads were stopped: 0,0029073 seconds, Stopping threads took: 0,0023885 seconds
2016-09-21T20:31:23.793+0200: 83456,976: Total time for which application threads were stopped: 0,0058322 seconds, Stopping threads took: 0,0040350 seconds
2016-09-21T20:31:24.794+0200: 83457,976: Total time for which application threads were stopped: 0,0000932 seconds, Stopping threads took: 0,0000228 seconds
2016-09-21T20:32:01.457+0200: 83494,640: Total time for which application threads were stopped: 0,0014535 seconds, Stopping threads took: 0,0009406 se